******************************************************************************
                  TI ARM Linker PC v16.9.1                     
******************************************************************************
>> Linked Fri May 05 13:48:29 2017

OUTPUT FILE NAME:   <LRG.out>
ENTRY POINT SYMBOL: "_c_int00"  address: 00000dd5


MEMORY CONFIGURATION

         name            origin    length      used     unused   attr    fill
----------------------  --------  ---------  --------  --------  ----  --------
  FLASH                 00000000   00040000  00001410  0003ebf0  R  X
  SRAM                  20000000   00008000  00000a8e  00007572  RW X


SEGMENT ALLOCATION MAP

run origin  load origin   length   init length attrs members
----------  ----------- ---------- ----------- ----- -------
00000000    00000000    00001418   00001418    r-x
  00000000    00000000    0000026c   0000026c    r-- .intvecs
  0000026c    0000026c    00000f86   00000f86    r-x .text
  000011f4    000011f4    000001d6   000001d6    r-- .const
  000013d0    000013d0    00000048   00000048    r-- .cinit
20000000    20000000    00000a91   00000000    rw-
  20000000    20000000    0000026c   00000000    rw- .vtable
  2000026c    2000026c    00000800   00000000    rw- .stack
  20000a6c    20000a6c    00000019   00000000    rw- .data
  20000a88    20000a88    00000009   00000000    rw- .bss


SECTION ALLOCATION MAP

 output                                  attributes/
section   page    origin      length       input sections
--------  ----  ----------  ----------   ----------------
.intvecs   0    00000000    0000026c     
                  00000000    0000026c     tm4c123gh6pm_startup_ccs.obj (.intvecs)

.text      0    0000026c    00000f86     
                  0000026c    00000244     LEDPanel.obj (.text)
                  000004b0    000001c0     main.obj (.text)
                  00000670    00000132     driverlib.lib : gpio.obj (.text:GPIOPadConfigSet)
                  000007a2    00000002     rtsv7M4_T_le_v4SPD16_eabi.lib : mpu_init.obj (.text)
                  000007a4    00000110     driverlib.lib : sysctl.obj (.text:SysCtlClockGet)
                  000008b4    000000fc     Clock.obj (.text)
                  000009b0    000000f4     driverlib.lib : sysctl.obj (.text:SysCtlClockSet)
                  00000aa4    0000009c     rtsv7M4_T_le_v4SPD16_eabi.lib : memcpy_t2.obj (.text)
                  00000b40    0000007a     driverlib.lib : adc.obj (.text:ADCSequenceStepConfigure)
                  00000bba    0000007a     rtsv7M4_T_le_v4SPD16_eabi.lib : memset_t2.obj (.text)
                  00000c34    00000070                                   : autoinit.obj (.text)
                  00000ca4    00000068     driverlib.lib : interrupt.obj (.text:IntEnable)
                  00000d0c    00000068     rtsv7M4_T_le_v4SPD16_eabi.lib : copy_decompress_lzss.obj (.text:decompress:lzss)
                  00000d74    00000060     driverlib.lib : timer.obj (.text:TimerConfigure)
                  00000dd4    00000054     rtsv7M4_T_le_v4SPD16_eabi.lib : boot.obj (.text)
                  00000e28    00000054                                   : exit.obj (.text)
                  00000e7c    00000050     driverlib.lib : adc.obj (.text:ADCSequenceConfigure)
                  00000ecc    0000004c                   : timer.obj (.text:_TimerIntNumberGet)
                  00000f18    0000004c     rtsv7M4_T_le_v4SPD16_eabi.lib : cpy_tbl.obj (.text)
                  00000f64    00000046     driverlib.lib : uart.obj (.text:UARTConfigSetExpClk)
                  00000faa    00000002     rtsv7M4_T_le_v4SPD16_eabi.lib : startup.obj (.text)
                  00000fac    00000034     driverlib.lib : interrupt.obj (.text:IntRegister)
                  00000fe0    00000034                   : sysctl.obj (.text:SysCtlPeripheralEnable)
                  00001014    0000002a                   : gpio.obj (.text:GPIODirModeSet)
                  0000103e    00000002     --HOLE-- [fill = 0]
                  00001040    00000020                   : uart.obj (.text:UARTDisable)
                  00001060    0000001e                   : adc.obj (.text:ADCSequenceDataGet)
                  0000107e    00000018                   : gpio.obj (.text:GPIOPinTypeGPIOOutput)
                  00001096    00000002     --HOLE-- [fill = 0]
                  00001098    00000018                   : timer.obj (.text:TimerDisable)
                  000010b0    00000018                   : timer.obj (.text:TimerIntRegister)
                  000010c8    00000018     rtsv7M4_T_le_v4SPD16_eabi.lib : args_main.obj (.text)
                  000010e0    00000014     driverlib.lib : uart.obj (.text:UARTEnable)
                  000010f4    00000014     rtsv7M4_T_le_v4SPD16_eabi.lib : _lock.obj (.text)
                  00001108    00000012     driverlib.lib : gpio.obj (.text:GPIOPinTypeADC)
                  0000111a    00000012                   : gpio.obj (.text:GPIOPinTypeUART)
                  0000112c    00000012                   : timer.obj (.text:TimerLoadSet)
                  0000113e    00000012                   : timer.obj (.text:TimerPrescaleSet)
                  00001150    0000000e                   : adc.obj (.text:ADCHardwareOversampleConfigure)
                  0000115e    0000000e                   : adc.obj (.text:ADCSequenceDisable)
                  0000116c    0000000e                   : adc.obj (.text:ADCSequenceEnable)
                  0000117a    0000000e                   : timer.obj (.text:TimerEnable)
                  00001188    0000000e     rtsv7M4_T_le_v4SPD16_eabi.lib : copy_decompress_none.obj (.text:decompress:none)
                  00001196    0000000c                                   : copy_zero_init.obj (.text:decompress:ZI)
                  000011a2    0000000c     tm4c123gh6pm_startup_ccs.obj (.text)
                  000011ae    0000000a     driverlib.lib : timer.obj (.text:TimerIntDisable)
                  000011b8    0000000a                   : timer.obj (.text:TimerIntStatus)
                  000011c2    0000000a                   : timer.obj (.text:TimerValueGet)
                  000011cc    0000000a                   : uart.obj (.text:UARTCharPut)
                  000011d6    00000008                   : timer.obj (.text:TimerIntEnable)
                  000011de    00000006                   : gpio.obj (.text:GPIOPinWrite)
                  000011e4    00000006                   : sysctl.obj (.text:SysCtlDelay)
                  000011ea    00000004                   : timer.obj (.text:TimerIntClear)
                  000011ee    00000004     rtsv7M4_T_le_v4SPD16_eabi.lib : pre_init.obj (.text)

.const     0    000011f4    000001d6     
                  000011f4    00000070     driverlib.lib : interrupt.obj (.const)
                  00001264    0000006c                   : sysctl.obj (.const:g_pui32Xtals)
                  000012d0    00000060                   : timer.obj (.const:g_ppui32TimerIntMap)
                  00001330    00000040                   : timer.obj (.const:g_ppui32TimerIntMapSnowflake)
                  00001370    00000028     LEDPanel.obj (.const:ADC_CH)
                  00001398    00000028     LEDPanel.obj (.const:LED_BASE)
                  000013c0    0000000a     LEDPanel.obj (.const:.string:LED_PIN)

.cinit     0    000013d0    00000048     
                  000013d0    00000011     (.cinit..data.load) [load image, compression = lzss]
                  000013e1    00000003     --HOLE-- [fill = 0]
                  000013e4    0000000c     (__TI_handler_table)
                  000013f0    00000008     (.cinit..bss.load) [load image, compression = zero_init]
                  000013f8    00000008     (.cinit..vtable.load) [load image, compression = zero_init]
                  00001400    00000018     (__TI_cinit_table)

.init_array 
*          0    00000000    00000000     UNINITIALIZED

.vtable    0    20000000    0000026c     UNINITIALIZED
                  20000000    0000026c     driverlib.lib : interrupt.obj (.vtable)

.stack     0    2000026c    00000800     UNINITIALIZED
                  2000026c    00000800     --HOLE--

.data      0    20000a6c    00000019     UNINITIALIZED
                  20000a6c    0000000c     rtsv7M4_T_le_v4SPD16_eabi.lib : exit.obj (.data:$O1$$)
                  20000a78    00000008                                   : _lock.obj (.data:$O1$$)
                  20000a80    00000004                                   : stkdepth_vars.obj (.data)
                  20000a84    00000001     LEDPanel.obj (.data)

.bss       0    20000a88    00000009     UNINITIALIZED
                  20000a88    00000004     Clock.obj (.bss)
                  20000a8c    00000004     (.common:__detect)
                  20000a90    00000001     LEDPanel.obj (.bss)

MODULE SUMMARY

       Module                         code   ro data   rw data
       ------                         ----   -------   -------
    .\
       LEDPanel.obj                   580    90        6      
       tm4c123gh6pm_startup_ccs.obj   12     620       0      
       main.obj                       448    0         0      
       Clock.obj                      252    0         4      
    +--+------------------------------+------+---------+---------+
       Total:                         1292   710       10     
                                                              
    C:/ti/TivaWare_C_Series-2.1.4.178/driverlib/ccs/Debug/driverlib.lib
       interrupt.obj                  156    112       620    
       sysctl.obj                     574    108       0      
       timer.obj                      312    160       0      
       gpio.obj                       414    0         0      
       adc.obj                        274    0         0      
       uart.obj                       132    0         0      
    +--+------------------------------+------+---------+---------+
       Total:                         1862   380       620    
                                                              
    C:\ti\ccsv7\tools\compiler\ti-cgt-arm_16.9.1.LTS\lib\rtsv7M4_T_le_v4SPD16_eabi.lib
       memcpy_t2.obj                  156    0         0      
       memset_t2.obj                  122    0         0      
       autoinit.obj                   112    0         0      
       copy_decompress_lzss.obj       104    0         0      
       exit.obj                       84     0         12     
       boot.obj                       84     0         0      
       cpy_tbl.obj                    76     0         0      
       _lock.obj                      20     0         8      
       args_main.obj                  24     0         0      
       copy_decompress_none.obj       14     0         0      
       copy_zero_init.obj             12     0         0      
       pre_init.obj                   4      0         0      
       stkdepth_vars.obj              0      0         4      
       mpu_init.obj                   2      0         0      
       startup.obj                    2      0         0      
    +--+------------------------------+------+---------+---------+
       Total:                         816    0         24     
                                                              
       Stack:                         0      0         2048   
       Linker Generated:              0      69        0      
    +--+------------------------------+------+---------+---------+
       Grand Total:                   3970   1159      2702   


LINKER GENERATED COPY TABLES

__TI_cinit_table @ 00001400 records: 3, size/record: 8, table size: 24
	.data: load addr=000013d0, load size=00000011 bytes, run addr=20000a6c, run size=00000019 bytes, compression=lzss
	.bss: load addr=000013f0, load size=00000008 bytes, run addr=20000a88, run size=00000009 bytes, compression=zero_init
	.vtable: load addr=000013f8, load size=00000008 bytes, run addr=20000000, run size=0000026c bytes, compression=zero_init


LINKER GENERATED HANDLER TABLE

__TI_handler_table @ 000013e4 records: 3, size/record: 4, table size: 12
	index: 0, handler: __TI_zero_init
	index: 1, handler: __TI_decompress_lzss
	index: 2, handler: __TI_decompress_none


GLOBAL SYMBOLS: SORTED ALPHABETICALLY BY Name 

address   name                           
-------   ----                           
00001151  ADCHardwareOversampleConfigure 
00000e7d  ADCSequenceConfigure           
00001061  ADCSequenceDataGet             
0000115f  ADCSequenceDisable             
0000116d  ADCSequenceEnable              
00000b41  ADCSequenceStepConfigure       
00000e29  C$$EXIT                        
00000929  Clock_getMicros                
0000090d  Clock_getMillis                
000008b5  Clock_init                     
000008ef  Clock_start                    
00000901  Clock_stop                     
00000959  Clock_waitMicros               
00001015  GPIODirModeSet                 
00000671  GPIOPadConfigSet               
00001109  GPIOPinTypeADC                 
0000107f  GPIOPinTypeGPIOOutput          
0000111b  GPIOPinTypeUART                
000011df  GPIOPinWrite                   
00000ca5  IntEnable                      
00000fad  IntRegister                    
000003ab  LEDPanel_detect                
0000026d  LEDPanel_init                  
000002eb  LEDPanel_setChannel            
000011a3  ResetISR                       
UNDEFED   SHT$$INIT_ARRAY$$Base          
UNDEFED   SHT$$INIT_ARRAY$$Limit         
000007a5  SysCtlClockGet                 
000009b1  SysCtlClockSet                 
000011e5  SysCtlDelay                    
00000fe1  SysCtlPeripheralEnable         
00000d75  TimerConfigure                 
00001099  TimerDisable                   
0000117b  TimerEnable                    
000011eb  TimerIntClear                  
000011af  TimerIntDisable                
000011d7  TimerIntEnable                 
000010b1  TimerIntRegister               
000011b9  TimerIntStatus                 
0000112d  TimerLoadSet                   
0000113f  TimerPrescaleSet               
000011c3  TimerValueGet                  
000011cd  UARTCharPut                    
00000f65  UARTConfigSetExpClk            
00001041  UARTDisable                    
000010e1  UARTEnable                     
20000a6c  __STACK_END                    
00000800  __STACK_SIZE                   
2000046c  __STACK_TOP                    
00001400  __TI_CINIT_Base                
00001418  __TI_CINIT_Limit               
000013e4  __TI_Handler_Table_Base        
000013f0  __TI_Handler_Table_Limit       
00000c35  __TI_auto_init                 
20000a6c  __TI_cleanup_ptr               
00000d0d  __TI_decompress_lzss           
00001189  __TI_decompress_none           
20000a70  __TI_dtors_ptr                 
20000a74  __TI_enable_exit_profile_output
ffffffff  __TI_pprof_out_hndl            
ffffffff  __TI_prof_data_size            
ffffffff  __TI_prof_data_start           
00000000  __TI_static_base__             
00001197  __TI_zero_init                 
00000bbb  __aeabi_memclr                 
00000bbb  __aeabi_memclr4                
00000bbb  __aeabi_memclr8                
00000aa5  __aeabi_memcpy                 
00000aa5  __aeabi_memcpy4                
00000aa5  __aeabi_memcpy8                
00000bbd  __aeabi_memset                 
00000bbd  __aeabi_memset4                
00000bbd  __aeabi_memset8                
ffffffff  __binit__                      
ffffffff  __c_args__                     
20000a8c  __detect                       
000007a3  __mpu_init                     
2000026c  __stack                        
000010c9  _args_main                     
00000dd5  _c_int00                       
20000a78  _lock                          
00001103  _nop                           
000010fb  _register_lock                 
000010f5  _register_unlock               
00000fab  _system_post_cinit             
000011ef  _system_pre_init               
20000a7c  _unlock                        
00000e2d  abort                          
ffffffff  binit                          
00000f19  copy_in                        
00000e35  exit                           
20000000  g_pfnRAMVectors                
00000000  g_pfnVectors                   
0000055d  itoa                           
000004b1  main                           
20000a80  main_func_sp                   
00000aa5  memcpy                         
00000bc3  memset                         


GLOBAL SYMBOLS: SORTED BY Symbol Address 

address   name                           
-------   ----                           
00000000  __TI_static_base__             
00000000  g_pfnVectors                   
0000026d  LEDPanel_init                  
000002eb  LEDPanel_setChannel            
000003ab  LEDPanel_detect                
000004b1  main                           
0000055d  itoa                           
00000671  GPIOPadConfigSet               
000007a3  __mpu_init                     
000007a5  SysCtlClockGet                 
00000800  __STACK_SIZE                   
000008b5  Clock_init                     
000008ef  Clock_start                    
00000901  Clock_stop                     
0000090d  Clock_getMillis                
00000929  Clock_getMicros                
00000959  Clock_waitMicros               
000009b1  SysCtlClockSet                 
00000aa5  __aeabi_memcpy                 
00000aa5  __aeabi_memcpy4                
00000aa5  __aeabi_memcpy8                
00000aa5  memcpy                         
00000b41  ADCSequenceStepConfigure       
00000bbb  __aeabi_memclr                 
00000bbb  __aeabi_memclr4                
00000bbb  __aeabi_memclr8                
00000bbd  __aeabi_memset                 
00000bbd  __aeabi_memset4                
00000bbd  __aeabi_memset8                
00000bc3  memset                         
00000c35  __TI_auto_init                 
00000ca5  IntEnable                      
00000d0d  __TI_decompress_lzss           
00000d75  TimerConfigure                 
00000dd5  _c_int00                       
00000e29  C$$EXIT                        
00000e2d  abort                          
00000e35  exit                           
00000e7d  ADCSequenceConfigure           
00000f19  copy_in                        
00000f65  UARTConfigSetExpClk            
00000fab  _system_post_cinit             
00000fad  IntRegister                    
00000fe1  SysCtlPeripheralEnable         
00001015  GPIODirModeSet                 
00001041  UARTDisable                    
00001061  ADCSequenceDataGet             
0000107f  GPIOPinTypeGPIOOutput          
00001099  TimerDisable                   
000010b1  TimerIntRegister               
000010c9  _args_main                     
000010e1  UARTEnable                     
000010f5  _register_unlock               
000010fb  _register_lock                 
00001103  _nop                           
00001109  GPIOPinTypeADC                 
0000111b  GPIOPinTypeUART                
0000112d  TimerLoadSet                   
0000113f  TimerPrescaleSet               
00001151  ADCHardwareOversampleConfigure 
0000115f  ADCSequenceDisable             
0000116d  ADCSequenceEnable              
0000117b  TimerEnable                    
00001189  __TI_decompress_none           
00001197  __TI_zero_init                 
000011a3  ResetISR                       
000011af  TimerIntDisable                
000011b9  TimerIntStatus                 
000011c3  TimerValueGet                  
000011cd  UARTCharPut                    
000011d7  TimerIntEnable                 
000011df  GPIOPinWrite                   
000011e5  SysCtlDelay                    
000011eb  TimerIntClear                  
000011ef  _system_pre_init               
000013e4  __TI_Handler_Table_Base        
000013f0  __TI_Handler_Table_Limit       
00001400  __TI_CINIT_Base                
00001418  __TI_CINIT_Limit               
20000000  g_pfnRAMVectors                
2000026c  __stack                        
2000046c  __STACK_TOP                    
20000a6c  __STACK_END                    
20000a6c  __TI_cleanup_ptr               
20000a70  __TI_dtors_ptr                 
20000a74  __TI_enable_exit_profile_output
20000a78  _lock                          
20000a7c  _unlock                        
20000a80  main_func_sp                   
20000a8c  __detect                       
ffffffff  __TI_pprof_out_hndl            
ffffffff  __TI_prof_data_size            
ffffffff  __TI_prof_data_start           
ffffffff  __binit__                      
ffffffff  __c_args__                     
ffffffff  binit                          
UNDEFED   SHT$$INIT_ARRAY$$Base          
UNDEFED   SHT$$INIT_ARRAY$$Limit         

[98 symbols]
