******************************************************************************
                  TI ARM Linker PC v16.9.1                     
******************************************************************************
>> Linked Fri May 05 15:18:47 2017

OUTPUT FILE NAME:   <LRG.out>
ENTRY POINT SYMBOL: "_c_int00"  address: 00000eb9


MEMORY CONFIGURATION

         name            origin    length      used     unused   attr    fill
----------------------  --------  ---------  --------  --------  ----  --------
  FLASH                 00000000   00040000  000014f4  0003eb0c  R  X
  SRAM                  20000000   00008000  00000a9a  00007566  RW X


SEGMENT ALLOCATION MAP

run origin  load origin   length   init length attrs members
----------  ----------- ---------- ----------- ----- -------
00000000    00000000    000014f8   000014f8    r-x
  00000000    00000000    0000026c   0000026c    r-- .intvecs
  0000026c    0000026c    0000106a   0000106a    r-x .text
  000012d8    000012d8    000001d6   000001d6    r-- .const
  000014b0    000014b0    00000048   00000048    r-- .cinit
20000000    20000000    00000a9d   00000000    rw-
  20000000    20000000    0000026c   00000000    rw- .vtable
  2000026c    2000026c    00000800   00000000    rw- .stack
  20000a6c    20000a6c    00000019   00000000    rw- .data
  20000a88    20000a88    00000015   00000000    rw- .bss


SECTION ALLOCATION MAP

 output                                  attributes/
section   page    origin      length       input sections
--------  ----  ----------  ----------   ----------------
.intvecs   0    00000000    0000026c     
                  00000000    0000026c     tm4c123gh6pm_startup_ccs.obj (.intvecs)

.text      0    0000026c    0000106a     
                  0000026c    00000244     LEDPanel.obj (.text)
                  000004b0    000001f8     main.obj (.text)
                  000006a8    00000132     driverlib.lib : gpio.obj (.text:GPIOPadConfigSet)
                  000007da    00000002     rtsv7M4_T_le_v4SPD16_eabi.lib : mpu_init.obj (.text)
                  000007dc    00000110     driverlib.lib : sysctl.obj (.text:SysCtlClockGet)
                  000008ec    000000fc     Clock.obj (.text)
                  000009e8    000000f4     driverlib.lib : sysctl.obj (.text:SysCtlClockSet)
                  00000adc    000000ac     Random.obj (.text)
                  00000b88    0000009c     rtsv7M4_T_le_v4SPD16_eabi.lib : memcpy_t2.obj (.text)
                  00000c24    0000007a     driverlib.lib : adc.obj (.text:ADCSequenceStepConfigure)
                  00000c9e    0000007a     rtsv7M4_T_le_v4SPD16_eabi.lib : memset_t2.obj (.text)
                  00000d18    00000070                                   : autoinit.obj (.text)
                  00000d88    00000068     driverlib.lib : interrupt.obj (.text:IntEnable)
                  00000df0    00000068     rtsv7M4_T_le_v4SPD16_eabi.lib : copy_decompress_lzss.obj (.text:decompress:lzss)
                  00000e58    00000060     driverlib.lib : timer.obj (.text:TimerConfigure)
                  00000eb8    00000054     rtsv7M4_T_le_v4SPD16_eabi.lib : boot.obj (.text)
                  00000f0c    00000054                                   : exit.obj (.text)
                  00000f60    00000050     driverlib.lib : adc.obj (.text:ADCSequenceConfigure)
                  00000fb0    0000004c                   : timer.obj (.text:_TimerIntNumberGet)
                  00000ffc    0000004c     rtsv7M4_T_le_v4SPD16_eabi.lib : cpy_tbl.obj (.text)
                  00001048    00000046     driverlib.lib : uart.obj (.text:UARTConfigSetExpClk)
                  0000108e    00000002     rtsv7M4_T_le_v4SPD16_eabi.lib : startup.obj (.text)
                  00001090    00000034     driverlib.lib : interrupt.obj (.text:IntRegister)
                  000010c4    00000034                   : sysctl.obj (.text:SysCtlPeripheralEnable)
                  000010f8    0000002a                   : gpio.obj (.text:GPIODirModeSet)
                  00001122    00000002     --HOLE-- [fill = 0]
                  00001124    00000020                   : uart.obj (.text:UARTDisable)
                  00001144    0000001e                   : adc.obj (.text:ADCSequenceDataGet)
                  00001162    00000018                   : gpio.obj (.text:GPIOPinTypeGPIOOutput)
                  0000117a    00000002     --HOLE-- [fill = 0]
                  0000117c    00000018                   : timer.obj (.text:TimerDisable)
                  00001194    00000018                   : timer.obj (.text:TimerIntRegister)
                  000011ac    00000018     rtsv7M4_T_le_v4SPD16_eabi.lib : args_main.obj (.text)
                  000011c4    00000014     driverlib.lib : uart.obj (.text:UARTEnable)
                  000011d8    00000014     rtsv7M4_T_le_v4SPD16_eabi.lib : _lock.obj (.text)
                  000011ec    00000012     driverlib.lib : gpio.obj (.text:GPIOPinTypeADC)
                  000011fe    00000012                   : gpio.obj (.text:GPIOPinTypeUART)
                  00001210    00000012                   : timer.obj (.text:TimerLoadSet)
                  00001222    00000012                   : timer.obj (.text:TimerPrescaleSet)
                  00001234    0000000e                   : adc.obj (.text:ADCHardwareOversampleConfigure)
                  00001242    0000000e                   : adc.obj (.text:ADCSequenceDisable)
                  00001250    0000000e                   : adc.obj (.text:ADCSequenceEnable)
                  0000125e    0000000e                   : timer.obj (.text:TimerEnable)
                  0000126c    0000000e     rtsv7M4_T_le_v4SPD16_eabi.lib : copy_decompress_none.obj (.text:decompress:none)
                  0000127a    0000000c                                   : copy_zero_init.obj (.text:decompress:ZI)
                  00001286    0000000c     tm4c123gh6pm_startup_ccs.obj (.text)
                  00001292    0000000a     driverlib.lib : timer.obj (.text:TimerIntDisable)
                  0000129c    0000000a                   : timer.obj (.text:TimerIntStatus)
                  000012a6    0000000a                   : timer.obj (.text:TimerValueGet)
                  000012b0    0000000a                   : uart.obj (.text:UARTCharPut)
                  000012ba    00000008                   : timer.obj (.text:TimerIntEnable)
                  000012c2    00000006                   : gpio.obj (.text:GPIOPinWrite)
                  000012c8    00000006                   : sysctl.obj (.text:SysCtlDelay)
                  000012ce    00000004                   : timer.obj (.text:TimerIntClear)
                  000012d2    00000004     rtsv7M4_T_le_v4SPD16_eabi.lib : pre_init.obj (.text)

.const     0    000012d8    000001d6     
                  000012d8    00000070     driverlib.lib : interrupt.obj (.const)
                  00001348    0000006c                   : sysctl.obj (.const:g_pui32Xtals)
                  000013b4    00000060                   : timer.obj (.const:g_ppui32TimerIntMap)
                  00001414    00000040                   : timer.obj (.const:g_ppui32TimerIntMapSnowflake)
                  00001454    00000028     LEDPanel.obj (.const:ADC_CH)
                  0000147c    00000028     LEDPanel.obj (.const:LED_BASE)
                  000014a4    0000000a     LEDPanel.obj (.const:.string:LED_PIN)

.cinit     0    000014b0    00000048     
                  000014b0    00000011     (.cinit..data.load) [load image, compression = lzss]
                  000014c1    00000003     --HOLE-- [fill = 0]
                  000014c4    0000000c     (__TI_handler_table)
                  000014d0    00000008     (.cinit..bss.load) [load image, compression = zero_init]
                  000014d8    00000008     (.cinit..vtable.load) [load image, compression = zero_init]
                  000014e0    00000018     (__TI_cinit_table)

.init_array 
*          0    00000000    00000000     UNINITIALIZED

.vtable    0    20000000    0000026c     UNINITIALIZED
                  20000000    0000026c     driverlib.lib : interrupt.obj (.vtable)

.stack     0    2000026c    00000800     UNINITIALIZED
                  2000026c    00000800     --HOLE--

.data      0    20000a6c    00000019     UNINITIALIZED
                  20000a6c    0000000c     rtsv7M4_T_le_v4SPD16_eabi.lib : exit.obj (.data:$O1$$)
                  20000a78    00000008                                   : _lock.obj (.data:$O1$$)
                  20000a80    00000004                                   : stkdepth_vars.obj (.data)
                  20000a84    00000001     LEDPanel.obj (.data)

.bss       0    20000a88    00000015     UNINITIALIZED
                  20000a88    0000000c     Random.obj (.bss)
                  20000a94    00000004     Clock.obj (.bss)
                  20000a98    00000004     (.common:__detect)
                  20000a9c    00000001     LEDPanel.obj (.bss)

MODULE SUMMARY

       Module                         code   ro data   rw data
       ------                         ----   -------   -------
    .\
       LEDPanel.obj                   580    90        6      
       tm4c123gh6pm_startup_ccs.obj   12     620       0      
       main.obj                       504    0         0      
       Clock.obj                      252    0         4      
       Random.obj                     172    0         12     
    +--+------------------------------+------+---------+---------+
       Total:                         1520   710       22     
                                                              
    C:/ti/TivaWare_C_Series-2.1.4.178/driverlib/ccs/Debug/driverlib.lib
       interrupt.obj                  156    112       620    
       sysctl.obj                     574    108       0      
       timer.obj                      312    160       0      
       gpio.obj                       414    0         0      
       adc.obj                        274    0         0      
       uart.obj                       132    0         0      
    +--+------------------------------+------+---------+---------+
       Total:                         1862   380       620    
                                                              
    C:\ti\ccsv7\tools\compiler\ti-cgt-arm_16.9.1.LTS\lib\rtsv7M4_T_le_v4SPD16_eabi.lib
       memcpy_t2.obj                  156    0         0      
       memset_t2.obj                  122    0         0      
       autoinit.obj                   112    0         0      
       copy_decompress_lzss.obj       104    0         0      
       exit.obj                       84     0         12     
       boot.obj                       84     0         0      
       cpy_tbl.obj                    76     0         0      
       _lock.obj                      20     0         8      
       args_main.obj                  24     0         0      
       copy_decompress_none.obj       14     0         0      
       copy_zero_init.obj             12     0         0      
       pre_init.obj                   4      0         0      
       stkdepth_vars.obj              0      0         4      
       mpu_init.obj                   2      0         0      
       startup.obj                    2      0         0      
    +--+------------------------------+------+---------+---------+
       Total:                         816    0         24     
                                                              
       Stack:                         0      0         2048   
       Linker Generated:              0      69        0      
    +--+------------------------------+------+---------+---------+
       Grand Total:                   4198   1159      2714   


LINKER GENERATED COPY TABLES

__TI_cinit_table @ 000014e0 records: 3, size/record: 8, table size: 24
	.data: load addr=000014b0, load size=00000011 bytes, run addr=20000a6c, run size=00000019 bytes, compression=lzss
	.bss: load addr=000014d0, load size=00000008 bytes, run addr=20000a88, run size=00000015 bytes, compression=zero_init
	.vtable: load addr=000014d8, load size=00000008 bytes, run addr=20000000, run size=0000026c bytes, compression=zero_init


LINKER GENERATED HANDLER TABLE

__TI_handler_table @ 000014c4 records: 3, size/record: 4, table size: 12
	index: 0, handler: __TI_zero_init
	index: 1, handler: __TI_decompress_lzss
	index: 2, handler: __TI_decompress_none


GLOBAL SYMBOLS: SORTED ALPHABETICALLY BY Name 

address   name                           
-------   ----                           
00001235  ADCHardwareOversampleConfigure 
00000f61  ADCSequenceConfigure           
00001145  ADCSequenceDataGet             
00001243  ADCSequenceDisable             
00001251  ADCSequenceEnable              
00000c25  ADCSequenceStepConfigure       
00000f0d  C$$EXIT                        
00000961  Clock_getMicros                
00000945  Clock_getMillis                
000008ed  Clock_init                     
00000927  Clock_start                    
00000939  Clock_stop                     
00000991  Clock_waitMicros               
000010f9  GPIODirModeSet                 
000006a9  GPIOPadConfigSet               
000011ed  GPIOPinTypeADC                 
00001163  GPIOPinTypeGPIOOutput          
000011ff  GPIOPinTypeUART                
000012c3  GPIOPinWrite                   
00000d89  IntEnable                      
00001091  IntRegister                    
000003ab  LEDPanel_detect                
0000026d  LEDPanel_init                  
000002eb  LEDPanel_setChannel            
00000b39  Random_getNext                 
00000add  Random_init                    
00001287  ResetISR                       
UNDEFED   SHT$$INIT_ARRAY$$Base          
UNDEFED   SHT$$INIT_ARRAY$$Limit         
000007dd  SysCtlClockGet                 
000009e9  SysCtlClockSet                 
000012c9  SysCtlDelay                    
000010c5  SysCtlPeripheralEnable         
00000e59  TimerConfigure                 
0000117d  TimerDisable                   
0000125f  TimerEnable                    
000012cf  TimerIntClear                  
00001293  TimerIntDisable                
000012bb  TimerIntEnable                 
00001195  TimerIntRegister               
0000129d  TimerIntStatus                 
00001211  TimerLoadSet                   
00001223  TimerPrescaleSet               
000012a7  TimerValueGet                  
000012b1  UARTCharPut                    
00001049  UARTConfigSetExpClk            
00001125  UARTDisable                    
000011c5  UARTEnable                     
20000a6c  __STACK_END                    
00000800  __STACK_SIZE                   
2000046c  __STACK_TOP                    
000014e0  __TI_CINIT_Base                
000014f8  __TI_CINIT_Limit               
000014c4  __TI_Handler_Table_Base        
000014d0  __TI_Handler_Table_Limit       
00000d19  __TI_auto_init                 
20000a6c  __TI_cleanup_ptr               
00000df1  __TI_decompress_lzss           
0000126d  __TI_decompress_none           
20000a70  __TI_dtors_ptr                 
20000a74  __TI_enable_exit_profile_output
ffffffff  __TI_pprof_out_hndl            
ffffffff  __TI_prof_data_size            
ffffffff  __TI_prof_data_start           
00000000  __TI_static_base__             
0000127b  __TI_zero_init                 
00000c9f  __aeabi_memclr                 
00000c9f  __aeabi_memclr4                
00000c9f  __aeabi_memclr8                
00000b89  __aeabi_memcpy                 
00000b89  __aeabi_memcpy4                
00000b89  __aeabi_memcpy8                
00000ca1  __aeabi_memset                 
00000ca1  __aeabi_memset4                
00000ca1  __aeabi_memset8                
ffffffff  __binit__                      
ffffffff  __c_args__                     
20000a98  __detect                       
000007db  __mpu_init                     
2000026c  __stack                        
000011ad  _args_main                     
00000eb9  _c_int00                       
20000a78  _lock                          
000011e7  _nop                           
000011df  _register_lock                 
000011d9  _register_unlock               
0000108f  _system_post_cinit             
000012d3  _system_pre_init               
20000a7c  _unlock                        
00000f11  abort                          
ffffffff  binit                          
00000ffd  copy_in                        
00000f19  exit                           
20000000  g_pfnRAMVectors                
00000000  g_pfnVectors                   
00000591  itoa                           
000004b1  main                           
20000a80  main_func_sp                   
00000b89  memcpy                         
00000ca7  memset                         


GLOBAL SYMBOLS: SORTED BY Symbol Address 

address   name                           
-------   ----                           
00000000  __TI_static_base__             
00000000  g_pfnVectors                   
0000026d  LEDPanel_init                  
000002eb  LEDPanel_setChannel            
000003ab  LEDPanel_detect                
000004b1  main                           
00000591  itoa                           
000006a9  GPIOPadConfigSet               
000007db  __mpu_init                     
000007dd  SysCtlClockGet                 
00000800  __STACK_SIZE                   
000008ed  Clock_init                     
00000927  Clock_start                    
00000939  Clock_stop                     
00000945  Clock_getMillis                
00000961  Clock_getMicros                
00000991  Clock_waitMicros               
000009e9  SysCtlClockSet                 
00000add  Random_init                    
00000b39  Random_getNext                 
00000b89  __aeabi_memcpy                 
00000b89  __aeabi_memcpy4                
00000b89  __aeabi_memcpy8                
00000b89  memcpy                         
00000c25  ADCSequenceStepConfigure       
00000c9f  __aeabi_memclr                 
00000c9f  __aeabi_memclr4                
00000c9f  __aeabi_memclr8                
00000ca1  __aeabi_memset                 
00000ca1  __aeabi_memset4                
00000ca1  __aeabi_memset8                
00000ca7  memset                         
00000d19  __TI_auto_init                 
00000d89  IntEnable                      
00000df1  __TI_decompress_lzss           
00000e59  TimerConfigure                 
00000eb9  _c_int00                       
00000f0d  C$$EXIT                        
00000f11  abort                          
00000f19  exit                           
00000f61  ADCSequenceConfigure           
00000ffd  copy_in                        
00001049  UARTConfigSetExpClk            
0000108f  _system_post_cinit             
00001091  IntRegister                    
000010c5  SysCtlPeripheralEnable         
000010f9  GPIODirModeSet                 
00001125  UARTDisable                    
00001145  ADCSequenceDataGet             
00001163  GPIOPinTypeGPIOOutput          
0000117d  TimerDisable                   
00001195  TimerIntRegister               
000011ad  _args_main                     
000011c5  UARTEnable                     
000011d9  _register_unlock               
000011df  _register_lock                 
000011e7  _nop                           
000011ed  GPIOPinTypeADC                 
000011ff  GPIOPinTypeUART                
00001211  TimerLoadSet                   
00001223  TimerPrescaleSet               
00001235  ADCHardwareOversampleConfigure 
00001243  ADCSequenceDisable             
00001251  ADCSequenceEnable              
0000125f  TimerEnable                    
0000126d  __TI_decompress_none           
0000127b  __TI_zero_init                 
00001287  ResetISR                       
00001293  TimerIntDisable                
0000129d  TimerIntStatus                 
000012a7  TimerValueGet                  
000012b1  UARTCharPut                    
000012bb  TimerIntEnable                 
000012c3  GPIOPinWrite                   
000012c9  SysCtlDelay                    
000012cf  TimerIntClear                  
000012d3  _system_pre_init               
000014c4  __TI_Handler_Table_Base        
000014d0  __TI_Handler_Table_Limit       
000014e0  __TI_CINIT_Base                
000014f8  __TI_CINIT_Limit               
20000000  g_pfnRAMVectors                
2000026c  __stack                        
2000046c  __STACK_TOP                    
20000a6c  __STACK_END                    
20000a6c  __TI_cleanup_ptr               
20000a70  __TI_dtors_ptr                 
20000a74  __TI_enable_exit_profile_output
20000a78  _lock                          
20000a7c  _unlock                        
20000a80  main_func_sp                   
20000a98  __detect                       
ffffffff  __TI_pprof_out_hndl            
ffffffff  __TI_prof_data_size            
ffffffff  __TI_prof_data_start           
ffffffff  __binit__                      
ffffffff  __c_args__                     
ffffffff  binit                          
UNDEFED   SHT$$INIT_ARRAY$$Base          
UNDEFED   SHT$$INIT_ARRAY$$Limit         

[100 symbols]
